2026-04-05 14:11:11,785 [INFO] Activator:176 - 


2026-04-05 14:11:11,791 [INFO] Activator:177 - !SESSION log4j initialized
2026-04-05 14:11:18,422 [INFO] LogOutputStream:77 - [STDOUT_REDIRECT] 
2026-04-05 14:11:19,601 [INFO] ApplicationProperties:184 - Using Application install path: C:\ST\STM32CubeIDE_1.19.0\STM32CubeIDE\plugins\com.st.stm32cube.common.mx_6.15.0.202507011659
2026-04-05 14:11:19,619 [INFO] DbMcusXml:78 - Set database path to: C:\ST\STM32CubeIDE_1.19.0\STM32CubeIDE\plugins\com.st.stm32cube.common.mx_6.15.0.202507011659\\db\/mcu/
2026-04-05 14:11:19,620 [INFO] ApiDb:274 - Set plugin database path to: C:\ST\STM32CubeIDE_1.19.0\STM32CubeIDE\plugins\com.st.stm32cube.common.mx_6.15.0.202507011659\\db\/plugins/boardmanager/
2026-04-05 14:11:19,620 [WARN] ApiDb:259 - Overriding images path with different value:  => C:\ST\STM32CubeIDE_1.19.0\STM32CubeIDE\plugins\com.st.stm32cube.common.mx_6.15.0.202507011659\\db\/plugins/mcufinder/images/
2026-04-05 14:11:19,629 [INFO] ApiDb:250 - Set database path to: C:\Users\Павел\.stmcufinder\plugins\mcufinder//mcu/
2026-04-05 14:11:19,631 [INFO] DbMcusAds:125 - Set database path to: C:\Users\Павел\.stmcufinder\plugins\mcufinder//mcu/
2026-04-05 14:11:19,633 [INFO] CrossReferenceDbSqlite:203 - Set database path to: C:\Users\Павел\.stmcufinder\plugins\mcufinder//mcu/cs/
2026-04-05 14:11:19,757 [INFO] RulesReader:64 - Compatibility file has been processed (317 Rules)
2026-04-05 14:11:19,895 [INFO] DbMcusXml:78 - Set database path to: C:\ST\STM32CubeIDE_1.19.0\STM32CubeIDE\plugins\com.st.stm32cube.common.mx_6.15.0.202507011659\\db\/mcu/
2026-04-05 14:11:19,895 [INFO] ApiDb:274 - Set plugin database path to: C:\ST\STM32CubeIDE_1.19.0\STM32CubeIDE\plugins\com.st.stm32cube.common.mx_6.15.0.202507011659\\db\/plugins/boardmanager/
2026-04-05 14:11:19,896 [INFO] ApiDb:261 - Set plugin images path to: C:\ST\STM32CubeIDE_1.19.0\STM32CubeIDE\plugins\com.st.stm32cube.common.mx_6.15.0.202507011659\\db\/plugins/mcufinder/images/
2026-04-05 14:11:19,896 [WARN] DbFile:41 - Overriding database path with different value: C:\Users\Павел\.stmcufinder\plugins\mcufinder/ => C:\Users\Павел\.stmcufinder\plugins\mcufinder
2026-04-05 14:11:19,896 [INFO] ApiDb:250 - Set database path to: C:\Users\Павел\.stmcufinder\plugins\mcufinder//mcu/
2026-04-05 14:11:19,896 [WARN] DbFile:41 - Overriding database path with different value: C:\Users\Павел\.stmcufinder\plugins\mcufinder/ => C:\Users\Павел\.stmcufinder\plugins\mcufinder
2026-04-05 14:11:19,896 [INFO] DbMcusAds:125 - Set database path to: C:\Users\Павел\.stmcufinder\plugins\mcufinder//mcu/
2026-04-05 14:11:19,896 [WARN] DbFile:41 - Overriding database path with different value: C:\Users\Павел\.stmcufinder\plugins\mcufinder/ => C:\Users\Павел\.stmcufinder\plugins\mcufinder
2026-04-05 14:11:19,896 [WARN] DbFile:41 - Overriding database path with different value: C:\Users\Павел\.stmcufinder\plugins\mcufinder/ => C:\Users\Павел\.stmcufinder\plugins\mcufinder
2026-04-05 14:11:19,896 [INFO] CrossReferenceDbSqlite:203 - Set database path to: C:\Users\Павел\.stmcufinder\plugins\mcufinder//mcu/cs/
2026-04-05 14:11:19,990 [INFO] MainPanel:274 - HeapMemory: 268435456
2026-04-05 14:11:20,104 [INFO] DbMcusXml:78 - Set database path to: C:\ST\STM32CubeIDE_1.19.0\STM32CubeIDE\plugins\com.st.stm32cube.common.mx_6.15.0.202507011659\\db\/mcu/
2026-04-05 14:11:20,104 [INFO] ApiDb:274 - Set plugin database path to: C:\ST\STM32CubeIDE_1.19.0\STM32CubeIDE\plugins\com.st.stm32cube.common.mx_6.15.0.202507011659\\db\/plugins/boardmanager/
2026-04-05 14:11:20,104 [INFO] ApiDb:261 - Set plugin images path to: C:\ST\STM32CubeIDE_1.19.0\STM32CubeIDE\plugins\com.st.stm32cube.common.mx_6.15.0.202507011659\\db\/plugins/mcufinder/images/
2026-04-05 14:11:20,105 [WARN] DbFile:41 - Overriding database path with different value: C:\Users\Павел\.stmcufinder\plugins\mcufinder/ => C:\Users\Павел\.stmcufinder\plugins\mcufinder
2026-04-05 14:11:20,105 [INFO] ApiDb:250 - Set database path to: C:\Users\Павел\.stmcufinder\plugins\mcufinder//mcu/
2026-04-05 14:11:20,105 [WARN] DbFile:41 - Overriding database path with different value: C:\Users\Павел\.stmcufinder\plugins\mcufinder/ => C:\Users\Павел\.stmcufinder\plugins\mcufinder
2026-04-05 14:11:20,105 [INFO] DbMcusAds:125 - Set database path to: C:\Users\Павел\.stmcufinder\plugins\mcufinder//mcu/
2026-04-05 14:11:20,105 [WARN] DbFile:41 - Overriding database path with different value: C:\Users\Павел\.stmcufinder\plugins\mcufinder/ => C:\Users\Павел\.stmcufinder\plugins\mcufinder
2026-04-05 14:11:20,105 [WARN] DbFile:41 - Overriding database path with different value: C:\Users\Павел\.stmcufinder\plugins\mcufinder/ => C:\Users\Павел\.stmcufinder\plugins\mcufinder
2026-04-05 14:11:20,105 [INFO] CrossReferenceDbSqlite:203 - Set database path to: C:\Users\Павел\.stmcufinder\plugins\mcufinder//mcu/cs/
2026-04-05 14:11:20,126 [INFO] ApplicationProperties:184 - Using Application install path: C:\ST\STM32CubeIDE_1.19.0\STM32CubeIDE\plugins\com.st.stm32cube.common.mx_6.15.0.202507011659
2026-04-05 14:11:20,128 [INFO] PluginManage:196 - Search for loadable plugins [exclusion list=, ]
2026-04-05 14:11:20,130 [INFO] PluginManage:310 - Check plugin analytics
2026-04-05 14:11:20,320 [INFO] AnalyticsPlugin:253 - Accepted Software Licenses: 
2026-04-05 14:11:20,321 [INFO] AnalyticsPlugin:255 - Accepted CMSIS Pack Licenses: 
2026-04-05 14:11:20,321 [INFO] AnalyticsPlugin:257 - Accepted Firmware Licenses: FW.F4.1.28.0
2026-04-05 14:11:20,324 [INFO] PluginManage:359 - Loaded plugin analytics (category:tool,tabindex:-1)
2026-04-05 14:11:20,325 [INFO] PluginManage:310 - Check plugin cadmodel
2026-04-05 14:11:20,338 [INFO] CADModel:105 - Init CAD model plugin
2026-04-05 14:11:20,338 [INFO] PluginManage:359 - Loaded plugin cadmodel (category:power,tabindex:5)
2026-04-05 14:11:20,338 [INFO] PluginManage:310 - Check plugin clock
2026-04-05 14:11:20,351 [INFO] PluginManage:359 - Loaded plugin clock (category:base,tabindex:2)
2026-04-05 14:11:20,351 [INFO] PluginManage:310 - Check plugin ddr
2026-04-05 14:11:20,354 [INFO] PluginManage:359 - Loaded plugin ddr (category:tool,tabindex:6)
2026-04-05 14:11:20,356 [INFO] PluginManage:310 - Check plugin filemanager
2026-04-05 14:11:20,533 [INFO] PluginManage:359 - Loaded plugin filemanager (category:base,tabindex:10)
2026-04-05 14:11:20,533 [INFO] PluginManage:310 - Check plugin ipmanager
2026-04-05 14:11:20,543 [INFO] PluginManage:359 - Loaded plugin ipmanager (category:base,tabindex:5)
2026-04-05 14:11:20,544 [INFO] PluginManage:310 - Check plugin lpbam
2026-04-05 14:11:20,554 [INFO] PluginManage:359 - Loaded plugin lpbam (category:base,tabindex:0)
2026-04-05 14:11:20,554 [INFO] PluginManage:310 - Check plugin memorymap
2026-04-05 14:11:20,572 [INFO] PluginManage:359 - Loaded plugin memorymap (category:base,tabindex:4)
2026-04-05 14:11:20,572 [INFO] PluginManage:310 - Check plugin pinoutandconfiguration
2026-04-05 14:11:20,581 [INFO] PluginManage:359 - Loaded plugin pinoutandconfiguration (category:base,tabindex:1)
2026-04-05 14:11:20,582 [INFO] PluginManage:310 - Check plugin pinoutconfig
2026-04-05 14:11:20,674 [WARN] SupportedApi:132 - Cannot load RTOS API schema: s4s-elt-must-match.1: The content of 'definitions' must match (annotation?, (simpleType | complexType)?, (unique | key | keyref)*)). A problem was found starting at: attribute.
2026-04-05 14:11:20,810 [INFO] PluginManage:359 - Loaded plugin pinoutconfig (category:base,tabindex:0)
2026-04-05 14:11:20,810 [INFO] PluginManage:310 - Check plugin power
2026-04-05 14:11:20,822 [INFO] PluginManage:359 - Loaded plugin power (category:power,tabindex:4)
2026-04-05 14:11:20,822 [INFO] PluginManage:310 - Check plugin projectmanager
2026-04-05 14:11:20,840 [INFO] PluginManage:359 - Loaded plugin projectmanager (category:projectmanager,tabindex:4)
2026-04-05 14:11:20,840 [INFO] PluginManage:310 - Check plugin rif
2026-04-05 14:11:20,852 [INFO] PluginManage:359 - Loaded plugin rif (category:base,tabindex:3)
2026-04-05 14:11:20,852 [INFO] PluginManage:310 - Check plugin thirdparty
2026-04-05 14:11:21,028 [INFO] PluginManage:359 - Loaded plugin thirdparty (category:base,tabindex:-1)
2026-04-05 14:11:21,028 [WARN] IntegrityCheckThread:84 - waiting for thirdparty lock release [integrity check]
2026-04-05 14:11:21,028 [INFO] PluginManage:310 - Check plugin tools
2026-04-05 14:11:21,028 [INFO] IntegrityCheckThread:86 - entering critical section [integrity check]
2026-04-05 14:11:21,028 [INFO] ThirdPartyUpdaterWithRetryManager:70 - Updater plugin not ready yet. [1/15]
2026-04-05 14:11:21,032 [INFO] PluginManage:359 - Loaded plugin tools (category:base,tabindex:7)
2026-04-05 14:11:21,032 [INFO] PluginManage:310 - Check plugin tutovideos
2026-04-05 14:11:21,249 [INFO] PluginManage:359 - Loaded plugin tutovideos (category:base,tabindex:-1)
2026-04-05 14:11:21,249 [INFO] PluginManage:310 - Check plugin updater
2026-04-05 14:11:21,275 [INFO] PluginManage:359 - Loaded plugin updater (category:base,tabindex:12)
2026-04-05 14:11:21,275 [INFO] PluginManage:310 - Check plugin userauth
2026-04-05 14:11:21,279 [INFO] UserAuth:118 - Init User Auth plugin
2026-04-05 14:11:21,279 [INFO] PluginManage:359 - Loaded plugin userauth (category:base,tabindex:14)
2026-04-05 14:11:21,281 [INFO] PluginManage:283 - PluginManage : Loaded plugins [18]
2026-04-05 14:11:21,544 [INFO] PinOutPanel:1589 - setPackage(No Configuration,No Configuration)
2026-04-05 14:11:21,655 [INFO] CADModel:165 - CPN selected for project level
2026-04-05 14:11:21,655 [INFO] CADModel:114 - Register for checkConnection events
2026-04-05 14:11:21,679 [INFO] IPUIPlugin:80 - create IPUIPlugin
2026-04-05 14:11:21,679 [INFO] PluginManager:220 - loadIPPluginJar : add adc
2026-04-05 14:11:21,683 [INFO] IPUIPlugin:80 - create IPUIPlugin
2026-04-05 14:11:21,683 [INFO] PluginManager:220 - loadIPPluginJar : add aes
2026-04-05 14:11:21,687 [INFO] IPUIPlugin:80 - create IPUIPlugin
2026-04-05 14:11:21,687 [INFO] PluginManager:220 - loadIPPluginJar : add can
2026-04-05 14:11:21,689 [INFO] IPUIPlugin:80 - create IPUIPlugin
2026-04-05 14:11:21,690 [INFO] PluginManager:220 - loadIPPluginJar : add comp
2026-04-05 14:11:21,696 [INFO] IPUIPlugin:80 - create IPUIPlugin
2026-04-05 14:11:21,696 [INFO] PluginManager:220 - loadIPPluginJar : add cryp
2026-04-05 14:11:21,701 [INFO] IPUIPlugin:80 - create IPUIPlugin
2026-04-05 14:11:21,701 [INFO] PluginManager:220 - loadIPPluginJar : add ddr_ctrl_phy
2026-04-05 14:11:21,705 [INFO] IPUIPlugin:80 - create IPUIPlugin
2026-04-05 14:11:21,705 [INFO] PluginManager:220 - loadIPPluginJar : add dfsdm
2026-04-05 14:11:21,711 [INFO] IPUIPlugin:80 - create IPUIPlugin
2026-04-05 14:11:21,711 [INFO] PluginManager:220 - loadIPPluginJar : add dma
2026-04-05 14:11:21,713 [INFO] IPUIPlugin:80 - create IPUIPlugin
2026-04-05 14:11:21,713 [INFO] PluginManager:220 - loadIPPluginJar : add dma3
2026-04-05 14:11:21,718 [INFO] IPUIPlugin:80 - create IPUIPlugin
2026-04-05 14:11:21,718 [INFO] PluginManager:220 - loadIPPluginJar : add extmemmanager
2026-04-05 14:11:21,719 [INFO] IPUIPlugin:80 - create IPUIPlugin
2026-04-05 14:11:21,719 [INFO] PluginManager:220 - loadIPPluginJar : add fatfs
2026-04-05 14:11:21,724 [INFO] IPUIPlugin:80 - create IPUIPlugin
2026-04-05 14:11:21,725 [INFO] PluginManager:220 - loadIPPluginJar : add fmc
2026-04-05 14:11:21,733 [INFO] IPUIPlugin:80 - create IPUIPlugin
2026-04-05 14:11:21,733 [INFO] PluginManager:220 - loadIPPluginJar : add freertos
2026-04-05 14:11:21,735 [INFO] IPUIPlugin:80 - create IPUIPlugin
2026-04-05 14:11:21,735 [INFO] PluginManager:220 - loadIPPluginJar : add genericplugin
2026-04-05 14:11:21,738 [INFO] IPUIPlugin:80 - create IPUIPlugin
2026-04-05 14:11:21,738 [INFO] PluginManager:220 - loadIPPluginJar : add gfxmmu
2026-04-05 14:11:21,743 [INFO] IPUIPlugin:80 - create IPUIPlugin
2026-04-05 14:11:21,743 [INFO] PluginManager:220 - loadIPPluginJar : add gic
2026-04-05 14:11:21,748 [INFO] IPUIPlugin:80 - create IPUIPlugin
2026-04-05 14:11:21,748 [INFO] PluginManager:220 - loadIPPluginJar : add gpio
2026-04-05 14:11:21,755 [INFO] IPUIPlugin:80 - create IPUIPlugin
2026-04-05 14:11:21,755 [INFO] PluginManager:220 - loadIPPluginJar : add gtzc
2026-04-05 14:11:21,758 [INFO] IPUIPlugin:80 - create IPUIPlugin
2026-04-05 14:11:21,758 [INFO] PluginManager:220 - loadIPPluginJar : add hash
2026-04-05 14:11:21,761 [INFO] IPUIPlugin:80 - create IPUIPlugin
2026-04-05 14:11:21,761 [INFO] PluginManager:220 - loadIPPluginJar : add i2c
2026-04-05 14:11:21,765 [INFO] IPUIPlugin:80 - create IPUIPlugin
2026-04-05 14:11:21,765 [INFO] PluginManager:220 - loadIPPluginJar : add i2s
2026-04-05 14:11:21,768 [INFO] IPUIPlugin:80 - create IPUIPlugin
2026-04-05 14:11:21,769 [INFO] PluginManager:220 - loadIPPluginJar : add i3c
2026-04-05 14:11:21,772 [INFO] IPUIPlugin:80 - create IPUIPlugin
2026-04-05 14:11:21,773 [INFO] PluginManager:220 - loadIPPluginJar : add ipddr
2026-04-05 14:11:21,781 [INFO] IPUIPlugin:80 - create IPUIPlugin
2026-04-05 14:11:21,781 [INFO] PluginManager:220 - loadIPPluginJar : add linkedlist
2026-04-05 14:11:21,785 [INFO] IPUIPlugin:80 - create IPUIPlugin
2026-04-05 14:11:21,785 [INFO] PluginManager:220 - loadIPPluginJar : add lorawan
2026-04-05 14:11:21,786 [INFO] IPUIPlugin:80 - create IPUIPlugin
2026-04-05 14:11:21,787 [INFO] PluginManager:220 - loadIPPluginJar : add ltdc
2026-04-05 14:11:21,792 [INFO] IPUIPlugin:80 - create IPUIPlugin
2026-04-05 14:11:21,792 [INFO] PluginManager:220 - loadIPPluginJar : add mdma
2026-04-05 14:11:21,797 [INFO] IPUIPlugin:80 - create IPUIPlugin
2026-04-05 14:11:21,797 [INFO] PluginManager:220 - loadIPPluginJar : add nvic
2026-04-05 14:11:21,802 [INFO] IPUIPlugin:80 - create IPUIPlugin
2026-04-05 14:11:21,802 [INFO] PluginManager:220 - loadIPPluginJar : add opamp
2026-04-05 14:11:21,806 [INFO] IPUIPlugin:80 - create IPUIPlugin
2026-04-05 14:11:21,806 [INFO] PluginManager:220 - loadIPPluginJar : add openamp
2026-04-05 14:11:21,810 [INFO] IPUIPlugin:80 - create IPUIPlugin
2026-04-05 14:11:21,810 [INFO] PluginManager:220 - loadIPPluginJar : add pdm2pcm
2026-04-05 14:11:21,816 [INFO] IPUIPlugin:80 - create IPUIPlugin
2026-04-05 14:11:21,818 [INFO] PluginManager:220 - loadIPPluginJar : add plateformsettings
2026-04-05 14:11:21,822 [INFO] IPUIPlugin:80 - create IPUIPlugin
2026-04-05 14:11:21,822 [INFO] PluginManager:220 - loadIPPluginJar : add quadspi
2026-04-05 14:11:21,824 [INFO] IPUIPlugin:80 - create IPUIPlugin
2026-04-05 14:11:21,826 [INFO] PluginManager:220 - loadIPPluginJar : add radio
2026-04-05 14:11:21,831 [INFO] IPUIPlugin:80 - create IPUIPlugin
2026-04-05 14:11:21,831 [INFO] PluginManager:220 - loadIPPluginJar : add resmgrutility
2026-04-05 14:11:21,835 [INFO] IPUIPlugin:80 - create IPUIPlugin
2026-04-05 14:11:21,835 [INFO] PluginManager:220 - loadIPPluginJar : add sai
2026-04-05 14:11:21,839 [INFO] IPUIPlugin:80 - create IPUIPlugin
2026-04-05 14:11:21,839 [INFO] PluginManager:220 - loadIPPluginJar : add spi
2026-04-05 14:11:21,847 [INFO] IPUIPlugin:80 - create IPUIPlugin
2026-04-05 14:11:21,847 [INFO] PluginManager:220 - loadIPPluginJar : add stm32_wpan
2026-04-05 14:11:21,849 [INFO] IPUIPlugin:80 - create IPUIPlugin
2026-04-05 14:11:21,849 [INFO] PluginManager:220 - loadIPPluginJar : add tim
2026-04-05 14:11:21,853 [INFO] IPUIPlugin:80 - create IPUIPlugin
2026-04-05 14:11:21,853 [INFO] PluginManager:220 - loadIPPluginJar : add touchsensing
2026-04-05 14:11:21,856 [INFO] IPUIPlugin:80 - create IPUIPlugin
2026-04-05 14:11:21,858 [INFO] PluginManager:220 - loadIPPluginJar : add tracer_emb
2026-04-05 14:11:21,860 [INFO] IPUIPlugin:80 - create IPUIPlugin
2026-04-05 14:11:21,861 [INFO] PluginManager:220 - loadIPPluginJar : add ts
2026-04-05 14:11:21,863 [INFO] IPUIPlugin:80 - create IPUIPlugin
2026-04-05 14:11:21,863 [INFO] PluginManager:220 - loadIPPluginJar : add tsc
2026-04-05 14:11:21,867 [INFO] IPUIPlugin:80 - create IPUIPlugin
2026-04-05 14:11:21,867 [INFO] PluginManager:220 - loadIPPluginJar : add ucpd
2026-04-05 14:11:21,871 [INFO] IPUIPlugin:80 - create IPUIPlugin
2026-04-05 14:11:21,871 [INFO] PluginManager:220 - loadIPPluginJar : add usart
2026-04-05 14:11:21,875 [INFO] IPUIPlugin:80 - create IPUIPlugin
2026-04-05 14:11:21,875 [INFO] PluginManager:220 - loadIPPluginJar : add usbx
2026-04-05 14:11:22,016 [FATAL] Updater:351 - Updater called before beeing initialized
2026-04-05 14:11:22,042 [INFO] RulesReader:64 - Compatibility file has been processed (317 Rules)
2026-04-05 14:11:22,052 [INFO] RulesReader:64 - Compatibility file has been processed (317 Rules)
2026-04-05 14:11:22,062 [INFO] CADModel:165 - CPN selected for project level
2026-04-05 14:11:22,062 [INFO] CADModel:114 - Register for checkConnection events
2026-04-05 14:11:22,062 [FATAL] Updater:351 - Updater called before beeing initialized
2026-04-05 14:11:22,063 [ERROR] CADModel:125 - Updater not yet initialized, retry later 
2026-04-05 14:11:22,234 [FATAL] Updater:351 - Updater called before beeing initialized
2026-04-05 14:11:22,238 [INFO] CADModel:165 - CPN selected for project level
2026-04-05 14:11:22,238 [INFO] CADModel:114 - Register for checkConnection events
2026-04-05 14:11:22,239 [FATAL] Updater:351 - Updater called before beeing initialized
2026-04-05 14:11:22,239 [ERROR] CADModel:125 - Updater not yet initialized, retry later 
2026-04-05 14:11:22,243 [FATAL] Updater:351 - Updater called before beeing initialized
2026-04-05 14:11:22,441 [FATAL] Updater:351 - Updater called before beeing initialized
2026-04-05 14:11:22,445 [INFO] DbMcusAds:53 - JSON generation date=Thu Mar 05 16:32:52 EET 2026 (1772721172890)
2026-04-05 14:11:22,445 [FATAL] Updater:351 - Updater called before beeing initialized
2026-04-05 14:11:22,481 [WARN] DetailPanel:346 - Failed to get advertising image, set to default
2026-04-05 14:11:22,559 [FATAL] Updater:351 - Updater called before beeing initialized
2026-04-05 14:11:22,561 [FATAL] Updater:351 - Updater called before beeing initialized
2026-04-05 14:11:22,561 [FATAL] Updater:351 - Updater called before beeing initialized
2026-04-05 14:11:22,561 [WARN] DetailPanel:346 - Failed to get advertising image, set to default
2026-04-05 14:11:22,562 [FATAL] Updater:351 - Updater called before beeing initialized
2026-04-05 14:11:22,610 [ERROR] Updater:1198 - MainUpdater not yet initialized. External WinMGr cannot be set.
2026-04-05 14:11:22,612 [INFO] Updater:1134 - Updater Version found : 6.15.0
2026-04-05 14:11:22,627 [INFO] ApplicationProperties:184 - Using Application install path: C:\ST\STM32CubeIDE_1.19.0\STM32CubeIDE\plugins\com.st.stm32cube.common.mx_6.15.0.202507011659
2026-04-05 14:11:24,029 [INFO] ThirdPartyUpdaterWithRetryManager:70 - Updater plugin not ready yet. [2/15]
2026-04-05 14:11:24,206 [ERROR] LogOutputStream:75 - [STDERR_REDIRECT] Apr 05, 2026 2:11:24 PM java.util.prefs.WindowsPreferences <init>
2026-04-05 14:11:24,207 [ERROR] LogOutputStream:75 - [STDERR_REDIRECT] WARNING: Could not open/create prefs root node Software\JavaSoft\Prefs at root 0xffffffff80000002. Windows RegCreateKeyEx(...) returned error code 5.
2026-04-05 14:11:24,207 [ERROR] LogOutputStream:75 - [STDERR_REDIRECT] 
2026-04-05 14:11:24,527 [INFO] MainUpdater:2872 - connection check result : 10
2026-04-05 14:11:24,528 [INFO] MainUpdater:289 - Updater Check For Update Now.
2026-04-05 14:11:24,529 [INFO] MicroXplorer:498 - Change Database Version : DB.6.0.150
2026-04-05 14:11:24,535 [INFO] McuFinderGlobals:63 - Set McuFinder mode to 2 (CubeIDE integrated)
2026-04-05 14:11:24,536 [INFO] UserAuth:487 - Internet connection configuration mode: 1
2026-04-05 14:11:24,562 [INFO] JxBrowserEngine:152 - Initiate JxBrowser Engine with user profile folder
2026-04-05 14:11:24,706 [INFO] CheckServerUpdateThread:120 - End of CheckServer Thread
2026-04-05 14:11:25,687 [INFO] WebApp:169 - Instantiating new browser for Auth
2026-04-05 14:11:26,946 [INFO] WebApp:463 - Apply proxy settings
2026-04-05 14:11:26,946 [INFO] WebApp:548 - Chromium requires no authentication
2026-04-05 14:11:26,988 [INFO] WebApp:491 - Direct internet connection detected
2026-04-05 14:11:27,052 [INFO] WebApp:900 - Register for checkConnection events
2026-04-05 14:11:27,053 [INFO] WebApp:463 - Apply proxy settings
2026-04-05 14:11:27,053 [INFO] WebApp:548 - Chromium requires no authentication
2026-04-05 14:11:27,053 [INFO] WebApp:491 - Direct internet connection detected
2026-04-05 14:11:27,276 [INFO] WebApp:191 - Connection restablished
2026-04-05 14:11:27,416 [INFO] WebApp:225 - Starting web application
2026-04-05 14:11:27,416 [INFO] WebApp:593 - Web application path used C:\ST\STM32CubeIDE_1.19.0\STM32CubeIDE\plugins\com.st.stm32cube.common.mx_6.15.0.202507011659\db\plugins\mcufinder\reactClient1\index.html
2026-04-05 14:11:27,528 [WARN] PackLoader:240 - Cannot read IP mode file for STMicroelectronics.X-CUBE-AZRTOS-H7.3.5.0
2026-04-05 14:11:27,544 [WARN] PackLoader:240 - Cannot read IP mode file for STMicroelectronics.FP-ATR-ASTRA1.2.0.2
2026-04-05 14:11:27,556 [WARN] PackLoader:240 - Cannot read IP mode file for STMicroelectronics.X-CUBE-SMBUS.2.1.0
2026-04-05 14:11:27,568 [INFO] UserAuth:487 - Internet connection configuration mode: 1
2026-04-05 14:11:27,582 [WARN] PackLoader:240 - Cannot read IP mode file for STMicroelectronics.X-CUBE-AZRTOS-F7.1.1.0
2026-04-05 14:11:27,595 [WARN] PackLoader:240 - Cannot read IP mode file for STMicroelectronics.FP-SNS-MOTENV1.5.1.0
2026-04-05 14:11:27,611 [WARN] PackLoader:240 - Cannot read IP mode file for WES.I-CUBE-Cesium.1.4.0
2026-04-05 14:11:27,622 [WARN] PackLoader:240 - Cannot read IP mode file for STMicroelectronics.X-CUBE-DISPLAY.3.0.0
2026-04-05 14:11:27,633 [WARN] PackLoader:240 - Cannot read IP mode file for STMicroelectronics.FP-SNS-MOTENVWB1.1.5.0
2026-04-05 14:11:27,646 [WARN] PackLoader:240 - Cannot read IP mode file for STMicroelectronics.X-CUBE-NFC10.1.0.0
2026-04-05 14:11:27,654 [WARN] PackLoader:240 - Cannot read IP mode file for STMicroelectronics.X-CUBE-ST60.1.1.0
2026-04-05 14:11:27,666 [WARN] PackLoader:240 - Cannot read IP mode file for emotas.I-CUBE-CANOPEN.1.3.0
2026-04-05 14:11:27,679 [WARN] PackLoader:240 - Cannot read IP mode file for STMicroelectronics.X-CUBE-GNSS1.7.1.0
2026-04-05 14:11:27,693 [WARN] PackLoader:240 - Cannot read IP mode file for STMicroelectronics.FP-SNS-STBOX1.2.1.0
2026-04-05 14:11:27,703 [WARN] PackLoader:240 - Cannot read IP mode file for STMicroelectronics.FP-SNS-SMARTAG2.1.2.0
2026-04-05 14:11:27,712 [WARN] PackLoader:240 - Cannot read IP mode file for STMicroelectronics.FP-SNS-FLIGHT1.5.1.0
2026-04-05 14:11:27,723 [INFO] LogOutputStream:77 - [STDOUT_REDIRECT] 1 : Invalid condition id : UX_CORESTACK_Condition cause : null
2026-04-05 14:11:27,725 [INFO] LogOutputStream:77 - [STDOUT_REDIRECT] 1 : Invalid condition id : UX_CORESTACK_Condition cause : null
2026-04-05 14:11:27,727 [INFO] LogOutputStream:77 - [STDOUT_REDIRECT] 1 : Invalid condition id : UX_CORESTACK_Condition cause : null
2026-04-05 14:11:27,728 [INFO] LogOutputStream:77 - [STDOUT_REDIRECT] 1 : Invalid condition id : UX_CORESTACK_Condition cause : null
2026-04-05 14:11:27,729 [INFO] LogOutputStream:77 - [STDOUT_REDIRECT] 1 : Invalid condition id : UX_CORESTACK_Condition cause : null
2026-04-05 14:11:27,733 [WARN] PackLoader:240 - Cannot read IP mode file for STMicroelectronics.X-CUBE-AZRTOS-WL.2.0.0
2026-04-05 14:11:27,757 [WARN] PackLoader:240 - Cannot read IP mode file for STMicroelectronics.X-CUBE-AZRTOS-H7RS.1.2.0
2026-04-05 14:11:27,769 [WARN] PackLoader:240 - Cannot read IP mode file for STMicroelectronics.X-CUBE-BLE2.3.3.0
2026-04-05 14:11:27,804 [INFO] LogOutputStream:77 - [STDOUT_REDIRECT] [ThirdParty] unknown protocol: c
2026-04-05 14:11:27,804 [WARN] PackLoader:240 - Cannot read IP mode file for Avnet-IOTCONNECT.X-CUBE-iotc-st67-sdk.1.0.0
2026-04-05 14:11:27,836 [WARN] PackLoader:240 - Cannot read IP mode file for Infineon.AIROC-Wi-Fi-Bluetooth-STM32.1.8.0
2026-04-05 14:11:27,855 [WARN] PackLoader:240 - Cannot read IP mode file for STMicroelectronics.X-CUBE-NFC9.1.0.0
2026-04-05 14:11:27,865 [WARN] PackLoader:240 - Cannot read IP mode file for STMicroelectronics.X-CUBE-BLE1.7.1.0
2026-04-05 14:11:27,873 [WARN] PackLoader:240 - Cannot read IP mode file for wolfSSL.I-CUBE-wolfMQTT.1.19.2
2026-04-05 14:11:27,883 [WARN] PackLoader:240 - Cannot read IP mode file for STMicroelectronics.X-CUBE-EEPRMA1.5.2.0
2026-04-05 14:11:27,893 [WARN] PackLoader:240 - Cannot read IP mode file for wolfSSL.I-CUBE-wolfSSL.5.8.4
2026-04-05 14:11:27,903 [WARN] PackLoader:240 - Cannot read IP mode file for Cesanta.I-CUBE-Mongoose.7.20.0
2026-04-05 14:11:27,992 [WARN] PackLoader:240 - Cannot read IP mode file for STMicroelectronics.X-CUBE-MEMS1.12.0.0
2026-04-05 14:11:28,133 [WARN] PackLoader:240 - Cannot read IP mode file for STMicroelectronics.X-CUBE-AZRTOS-G0.1.1.0
2026-04-05 14:11:28,142 [WARN] PackLoader:240 - Cannot read IP mode file for STMicroelectronics.X-CUBE-NFC4.3.0.0
2026-04-05 14:11:28,155 [WARN] PackLoader:240 - Cannot read IP mode file for EmbeddedOffice.I-CUBE-FS-RTOS.1.0.1
2026-04-05 14:11:28,163 [WARN] PackLoader:240 - Cannot read IP mode file for STMicroelectronics.X-CUBE-WB05N.2.0.0
2026-04-05 14:11:28,173 [WARN] PackLoader:240 - Cannot read IP mode file for wolfSSL.I-CUBE-wolfTPM.3.8.0
2026-04-05 14:11:28,182 [WARN] PackLoader:240 - Cannot read IP mode file for STMicroelectronics.X-CUBE-TCPP.4.2.0
2026-04-05 14:11:28,192 [WARN] PackLoader:240 - Cannot read IP mode file for RealThread.X-CUBE-RT-Thread_Nano.4.1.1
2026-04-05 14:11:28,199 [WARN] PackLoader:240 - Cannot read IP mode file for STMicroelectronics.FP-ATR-SIGFOX1.3.2.0
2026-04-05 14:11:28,323 [WARN] PackLoader:240 - Cannot read IP mode file for STMicroelectronics.X-CUBE-FREERTOS.1.5.0
2026-04-05 14:11:28,331 [WARN] PackLoader:240 - Cannot read IP mode file for ITTIA_DB.I-CUBE-ITTIADB.8.9.0
2026-04-05 14:11:28,339 [WARN] PackLoader:240 - Cannot read IP mode file for STMicroelectronics.X-CUBE-NFC6.3.2.0
2026-04-05 14:11:28,346 [WARN] PackLoader:240 - Cannot read IP mode file for STMicroelectronics.X-CUBE-AI.10.2.0
2026-04-05 14:11:28,368 [WARN] PackLoader:240 - Cannot read IP mode file for SEGGER.I-CUBE-embOS.1.3.1
2026-04-05 14:11:28,407 [WARN] PackLoader:240 - Cannot read IP mode file for STMicroelectronics.X-CUBE-ALGOBUILD.1.4.0
2026-04-05 14:11:28,413 [WARN] PackLoader:240 - Cannot read IP mode file for STMicroelectronics.X-CUBE-PM33A1.1.0.0
2026-04-05 14:11:28,430 [WARN] PackLoader:240 - Cannot read IP mode file for STMicroelectronics.X-CUBE-AZRTOS-F4.1.1.0
2026-04-05 14:11:28,443 [WARN] PackLoader:240 - Cannot read IP mode file for STMicroelectronics.X-CUBE-ISPU.2.1.0
2026-04-05 14:11:28,455 [WARN] PackLoader:240 - Cannot read IP mode file for STMicroelectronics.X-CUBE-IPS.3.2.0
2026-04-05 14:11:28,466 [WARN] PackLoader:240 - Cannot read IP mode file for STMicroelectronics.eDS-WB_DPC_TT-BIDIR.2.1.1
2026-04-05 14:11:28,473 [WARN] PackLoader:240 - Cannot read IP mode file for STMicroelectronics.X-CUBE-NFC12.1.0.0
2026-04-05 14:11:28,489 [WARN] PackLoader:240 - Cannot read IP mode file for STMicroelectronics.X-CUBE-AZRTOS-L5.2.0.0
2026-04-05 14:11:28,498 [WARN] PackLoader:240 - Cannot read IP mode file for STMicroelectronics.eDS-WB_DPC_VIENNA.1.2.0
2026-04-05 14:11:28,503 [WARN] PackLoader:240 - Cannot read IP mode file for STMicroelectronics.eDS-WB_DPC_3PH2L-BIDIR.1.1.1
2026-04-05 14:11:28,510 [WARN] PackLoader:240 - Cannot read IP mode file for STMicroelectronics.X-CUBE-TOUCHGFX.4.26.1
2026-04-05 14:11:28,517 [WARN] PackLoader:240 - Cannot read IP mode file for STMicroelectronics.FP-SNS-STAIOTCFT.1.0.0
2026-04-05 14:11:28,523 [WARN] PackLoader:240 - Cannot read IP mode file for STMicroelectronics.X-CUBE-DPower.1.3.0
2026-04-05 14:11:28,541 [WARN] ConditionMgr:438 - getConditionDescription Invalid condition id : LAN8742 Phy interface Condition cause : null
2026-04-05 14:11:28,542 [WARN] PackLoader:240 - Cannot read IP mode file for STMicroelectronics.X-CUBE-AZRTOS-L4.2.0.0
2026-04-05 14:11:28,543 [WARN] ConditionMgr:1044 - genDependencies : Invalid condition id : LAN8742 Phy interface Condition cause : null
2026-04-05 14:11:28,543 [WARN] ConditionMgr:1044 - genDependencies : Invalid condition id : LAN8742 Phy interface Condition cause : null
2026-04-05 14:11:28,545 [WARN] ConditionMgr:1044 - genDependencies : Invalid condition id : LAN8742 Phy interface Condition cause : null
2026-04-05 14:11:28,554 [WARN] PackLoader:240 - Cannot read IP mode file for STMicroelectronics.X-CUBE-SFXS2LP1.4.0.0
2026-04-05 14:11:28,562 [WARN] PackLoader:240 - Cannot read IP mode file for STMicroelectronics.X-CUBE-ST67W61.1.2.0
2026-04-05 14:11:28,573 [WARN] PackLoader:240 - Cannot read IP mode file for STMicroelectronics.X-CUBE-BLEMGR.4.1.0
2026-04-05 14:11:28,588 [WARN] ConditionMgr:438 - getConditionDescription Invalid condition id : UX DEVICE CLASS RTOS Condition cause : null
2026-04-05 14:11:28,588 [WARN] ConditionMgr:438 - getConditionDescription Invalid condition id : UX DEVICE CLASS RTOS Condition cause : null
2026-04-05 14:11:28,589 [WARN] PackLoader:240 - Cannot read IP mode file for STMicroelectronics.X-CUBE-AZRTOS-WB.2.0.0
2026-04-05 14:11:28,591 [WARN] ConditionMgr:1044 - genDependencies : Invalid condition id : UX DEVICE CLASS RTOS Condition cause : null
2026-04-05 14:11:28,591 [WARN] ConditionMgr:1044 - genDependencies : Invalid condition id : UX DEVICE CLASS RTOS Condition cause : null
2026-04-05 14:11:28,591 [WARN] ConditionMgr:1044 - genDependencies : Invalid condition id : UX DEVICE CLASS RTOS Condition cause : null
2026-04-05 14:11:28,591 [WARN] ConditionMgr:1044 - genDependencies : Invalid condition id : UX DEVICE CLASS RTOS Condition cause : null
2026-04-05 14:11:28,591 [WARN] ConditionMgr:1044 - genDependencies : Invalid condition id : UX DEVICE CLASS RTOS Condition cause : null
2026-04-05 14:11:28,599 [WARN] ConditionMgr:438 - getConditionDescription Invalid condition id : Cortex-A Device cause : null
2026-04-05 14:11:28,617 [INFO] LogOutputStream:77 - [STDOUT_REDIRECT] [ThirdParty] unknown protocol: c
2026-04-05 14:11:28,617 [WARN] PackLoader:240 - Cannot read IP mode file for quantropi.X-CUBE-qispace-sdk-base.2.1.0
2026-04-05 14:11:28,617 [WARN] ConditionMgr:1044 - genDependencies : Invalid condition id : Cortex-A Device cause : null
2026-04-05 14:11:28,617 [WARN] ConditionMgr:1044 - genDependencies : Invalid condition id : Cortex-A Device cause : null
2026-04-05 14:11:28,617 [WARN] ConditionMgr:1044 - genDependencies : Invalid condition id : Cortex-A Device cause : null
2026-04-05 14:11:28,625 [WARN] PackLoader:240 - Cannot read IP mode file for STMicroelectronics.X-CUBE-STSE01.2.0.0
2026-04-05 14:11:28,640 [WARN] PackLoader:240 - Cannot read IP mode file for STMicroelectronics.X-CUBE-SUBG2.5.0.0
2026-04-05 14:11:28,659 [WARN] PackLoader:240 - Cannot read IP mode file for STMicroelectronics.X-CUBE-AZRTOS-G4.2.0.0
2026-04-05 14:11:28,668 [WARN] PackLoader:240 - Cannot read IP mode file for wolfSSL.I-CUBE-wolfSSH.1.4.20
2026-04-05 14:11:28,675 [WARN] PackLoader:240 - Cannot read IP mode file for STMicroelectronics.X-CUBE-NFC7.2.0.0
2026-04-05 14:11:28,682 [WARN] PackLoader:240 - Cannot read IP mode file for STMicroelectronics.X-CUBE-ALS.1.0.2
2026-04-05 14:11:28,694 [WARN] PackLoader:240 - Cannot read IP mode file for STMicroelectronics.X-CUBE-TOF1.3.4.3
2026-04-05 14:11:28,702 [INFO] ThirdParty:978 - Integrity check success = true
2026-04-05 14:11:28,703 [INFO] IntegrityCheckThread:100 - exiting critical section [integrity check]
2026-04-05 14:11:28,703 [INFO] IntegrityCheckThread:103 - End integrity checks thread
2026-04-05 14:37:28,328 [INFO] WebApp:194 - Connection lost
2026-04-05 14:37:28,496 [INFO] WebApp:191 - Connection restablished
2026-04-05 14:37:33,810 [INFO] WebApp:194 - Connection lost
2026-04-05 14:37:33,927 [INFO] WebApp:191 - Connection restablished
2026-04-05 14:40:04,703 [ERROR] LogOutputStream:75 - [STDERR_REDIRECT] 
2026-04-05 14:40:04,705 [ERROR] LogOutputStream:75 - [STDERR_REDIRECT] 
